[debug] [2026-05-26T23:33:12.980Z] ----------------------------------------------------------------------
[debug] [2026-05-26T23:33:12.985Z] Command:       /opt/homebrew/Cellar/node/22.2.0/bin/node /opt/homebrew/bin/firebase deploy --only hosting
[debug] [2026-05-26T23:33:12.986Z] CLI Version:   15.18.0
[debug] [2026-05-26T23:33:12.986Z] Platform:      darwin
[debug] [2026-05-26T23:33:12.986Z] Node Version:  v22.2.0
[debug] [2026-05-26T23:33:12.986Z] Time:          Tue May 26 2026 19:33:12 GMT-0400 (Eastern Daylight Time)
[debug] [2026-05-26T23:33:12.986Z] ----------------------------------------------------------------------
[debug] 
[debug] [2026-05-26T23:33:13.823Z] > command requires scopes: ["email","openid","https://www.googleapis.com/auth/cloudplatformprojects.readonly","https://www.googleapis.com/auth/firebase","https://www.googleapis.com/auth/cloud-platform"]
[debug] [2026-05-26T23:33:13.823Z] > authorizing via signed-in user (alejandrojad2003@gmail.com)
[debug] [2026-05-26T23:33:13.823Z] [iam] checking project wc-predictor-f9b48 for permissions ["firebase.projects.get","firebasehosting.sites.update"]
[debug] [2026-05-26T23:33:13.823Z] Checked if tokens are valid: true, expires at: 1779841206844
[debug] [2026-05-26T23:33:13.823Z] Checked if tokens are valid: true, expires at: 1779841206844
[debug] [2026-05-26T23:33:13.824Z] >>> [apiv2][query] POST https://cloudresourcemanager.googleapis.com/v1/projects/wc-predictor-f9b48:testIamPermissions [none]
[debug] [2026-05-26T23:33:13.824Z] >>> [apiv2][(partial)header] POST https://cloudresourcemanager.googleapis.com/v1/projects/wc-predictor-f9b48:testIamPermissions  x-goog-user-project=wc-predictor-f9b48
[debug] [2026-05-26T23:33:13.824Z] >>> [apiv2][body] POST https://cloudresourcemanager.googleapis.com/v1/projects/wc-predictor-f9b48:testIamPermissions {"permissions":["firebase.projects.get","firebasehosting.sites.update"]}
[debug] [2026-05-26T23:33:14.066Z] <<< [apiv2][status] POST https://cloudresourcemanager.googleapis.com/v1/projects/wc-predictor-f9b48:testIamPermissions 200
[debug] [2026-05-26T23:33:14.066Z] <<< [apiv2][body] POST https://cloudresourcemanager.googleapis.com/v1/projects/wc-predictor-f9b48:testIamPermissions {"permissions":["firebase.projects.get","firebasehosting.sites.update"]}
[debug] [2026-05-26T23:33:14.067Z] Checked if tokens are valid: true, expires at: 1779841206844
[debug] [2026-05-26T23:33:14.067Z] Checked if tokens are valid: true, expires at: 1779841206844
[debug] [2026-05-26T23:33:14.068Z] >>> [apiv2][query] GET https://firebase.googleapis.com/v1beta1/projects/wc-predictor-f9b48 [none]
[debug] [2026-05-26T23:33:14.382Z] <<< [apiv2][status] GET https://firebase.googleapis.com/v1beta1/projects/wc-predictor-f9b48 200
[debug] [2026-05-26T23:33:14.382Z] <<< [apiv2][body] GET https://firebase.googleapis.com/v1beta1/projects/wc-predictor-f9b48 {"projectId":"wc-predictor-f9b48","projectNumber":"1034130424021","displayName":"WC Predictor","name":"projects/wc-predictor-f9b48","resources":{"hostingSite":"wc-predictor-f9b48"},"state":"ACTIVE","etag":"1_252e4b47-5553-4d5b-9eb3-e8fb8a210a78"}
[info] 
[info] === Deploying to 'wc-predictor-f9b48'...
[info] 
[info] i  deploying hosting 
[debug] [2026-05-26T23:33:14.388Z] Checked if tokens are valid: true, expires at: 1779841206844
[debug] [2026-05-26T23:33:14.388Z] Checked if tokens are valid: true, expires at: 1779841206844
[debug] [2026-05-26T23:33:14.388Z] >>> [apiv2][query] GET https://firebasehosting.googleapis.com/v1beta1/projects/wc-predictor-f9b48/sites/wc-predictor-f9b48 [none]
[debug] [2026-05-26T23:33:14.986Z] <<< [apiv2][status] GET https://firebasehosting.googleapis.com/v1beta1/projects/wc-predictor-f9b48/sites/wc-predictor-f9b48 200
[debug] [2026-05-26T23:33:14.986Z] <<< [apiv2][body] GET https://firebasehosting.googleapis.com/v1beta1/projects/wc-predictor-f9b48/sites/wc-predictor-f9b48 {"name":"projects/wc-predictor-f9b48/sites/wc-predictor-f9b48","defaultUrl":"https://wc-predictor-f9b48.web.app","type":"DEFAULT_SITE"}
[debug] [2026-05-26T23:33:14.988Z] Checked if tokens are valid: true, expires at: 1779841206844
[debug] [2026-05-26T23:33:14.988Z] Checked if tokens are valid: true, expires at: 1779841206844
[debug] [2026-05-26T23:33:14.988Z] >>> [apiv2][query] POST https://firebasehosting.googleapis.com/v1beta1/projects/-/sites/wc-predictor-f9b48/versions [none]
[debug] [2026-05-26T23:33:14.988Z] >>> [apiv2][body] POST https://firebasehosting.googleapis.com/v1beta1/projects/-/sites/wc-predictor-f9b48/versions {"status":"CREATED","labels":{"deployment-tool":"cli-firebase"}}
[debug] [2026-05-26T23:33:15.837Z] <<< [apiv2][status] POST https://firebasehosting.googleapis.com/v1beta1/projects/-/sites/wc-predictor-f9b48/versions 200
[debug] [2026-05-26T23:33:15.838Z] <<< [apiv2][body] POST https://firebasehosting.googleapis.com/v1beta1/projects/-/sites/wc-predictor-f9b48/versions {"name":"projects/1034130424021/sites/wc-predictor-f9b48/versions/378bd6dfd6016b8c","status":"CREATED","config":{},"labels":{"deployment-tool":"cli-firebase"}}
[info] i  hosting[wc-predictor-f9b48]: beginning deploy... 
[info] i  hosting[wc-predictor-f9b48]: found 3 files in dist 
[debug] [2026-05-26T23:33:15.859Z] [hosting] uploading with 200 concurrency
[debug] [2026-05-26T23:33:15.906Z] Checked if tokens are valid: true, expires at: 1779841206844
[debug] [2026-05-26T23:33:15.906Z] Checked if tokens are valid: true, expires at: 1779841206844
[debug] [2026-05-26T23:33:15.907Z] [hosting] hash cache [ZGlzdA] stored for 3 files
[debug] [2026-05-26T23:33:15.907Z] [hosting][hash queue][FINAL] {"max":42,"min":4,"avg":17,"active":0,"complete":3,"success":3,"errored":0,"retried":0,"total":3,"elapsed":44}
[debug] [2026-05-26T23:33:15.907Z] >>> [apiv2][query] POST https://firebasehosting.googleapis.com/v1beta1/projects/1034130424021/sites/wc-predictor-f9b48/versions/378bd6dfd6016b8c:populateFiles [none]
[debug] [2026-05-26T23:33:15.907Z] >>> [apiv2][body] POST https://firebasehosting.googleapis.com/v1beta1/projects/1034130424021/sites/wc-predictor-f9b48/versions/378bd6dfd6016b8c:populateFiles {"files":{"/index.html":"1141f3b88447cd22a2992baa7ea89ee9122ade2fee94dda69e2475328272c2cc","/assets/index-cl5SixO5.css":"b87923234cb3282ee717fb29666c677669e604db9da123a8457a98295033e2b3","/assets/index-CbMTek8h.js":"0c6dd0f5f029b0ca116ba8bd082435bdc46b328fb943c6c01aacd35388b8f3bb"}}
[debug] [2026-05-26T23:33:16.208Z] <<< [apiv2][status] POST https://firebasehosting.googleapis.com/v1beta1/projects/1034130424021/sites/wc-predictor-f9b48/versions/378bd6dfd6016b8c:populateFiles 200
[debug] [2026-05-26T23:33:16.208Z] <<< [apiv2][body] POST https://firebasehosting.googleapis.com/v1beta1/projects/1034130424021/sites/wc-predictor-f9b48/versions/378bd6dfd6016b8c:populateFiles {"uploadRequiredHashes":["1141f3b88447cd22a2992baa7ea89ee9122ade2fee94dda69e2475328272c2cc","b87923234cb3282ee717fb29666c677669e604db9da123a8457a98295033e2b3","0c6dd0f5f029b0ca116ba8bd082435bdc46b328fb943c6c01aacd35388b8f3bb"],"uploadUrl":"https://upload-firebasehosting.googleapis.com/upload/sites/wc-predictor-f9b48/versions/378bd6dfd6016b8c/files"}
[debug] [2026-05-26T23:33:16.209Z] Checked if tokens are valid: true, expires at: 1779841206844
[debug] [2026-05-26T23:33:16.209Z] Checked if tokens are valid: true, expires at: 1779841206844
[debug] [2026-05-26T23:33:16.209Z] Checked if tokens are valid: true, expires at: 1779841206844
[debug] [2026-05-26T23:33:16.209Z] Checked if tokens are valid: true, expires at: 1779841206844
[debug] [2026-05-26T23:33:16.209Z] Checked if tokens are valid: true, expires at: 1779841206844
[debug] [2026-05-26T23:33:16.209Z] Checked if tokens are valid: true, expires at: 1779841206844
[debug] [2026-05-26T23:33:16.209Z] >>> [apiv2][query] POST https://upload-firebasehosting.googleapis.com/upload/sites/wc-predictor-f9b48/versions/378bd6dfd6016b8c/files/1141f3b88447cd22a2992baa7ea89ee9122ade2fee94dda69e2475328272c2cc [none]
[debug] [2026-05-26T23:33:16.209Z] >>> [apiv2][body] POST https://upload-firebasehosting.googleapis.com/upload/sites/wc-predictor-f9b48/versions/378bd6dfd6016b8c/files/1141f3b88447cd22a2992baa7ea89ee9122ade2fee94dda69e2475328272c2cc [stream]
[debug] [2026-05-26T23:33:16.210Z] >>> [apiv2][query] POST https://upload-firebasehosting.googleapis.com/upload/sites/wc-predictor-f9b48/versions/378bd6dfd6016b8c/files/b87923234cb3282ee717fb29666c677669e604db9da123a8457a98295033e2b3 [none]
[debug] [2026-05-26T23:33:16.210Z] >>> [apiv2][body] POST https://upload-firebasehosting.googleapis.com/upload/sites/wc-predictor-f9b48/versions/378bd6dfd6016b8c/files/b87923234cb3282ee717fb29666c677669e604db9da123a8457a98295033e2b3 [stream]
[debug] [2026-05-26T23:33:16.211Z] >>> [apiv2][query] POST https://upload-firebasehosting.googleapis.com/upload/sites/wc-predictor-f9b48/versions/378bd6dfd6016b8c/files/0c6dd0f5f029b0ca116ba8bd082435bdc46b328fb943c6c01aacd35388b8f3bb [none]
[debug] [2026-05-26T23:33:16.211Z] >>> [apiv2][body] POST https://upload-firebasehosting.googleapis.com/upload/sites/wc-predictor-f9b48/versions/378bd6dfd6016b8c/files/0c6dd0f5f029b0ca116ba8bd082435bdc46b328fb943c6c01aacd35388b8f3bb [stream]
[debug] [2026-05-26T23:33:16.212Z] [hosting][populate queue][FINAL] {"max":303,"min":303,"avg":303,"active":0,"complete":1,"success":1,"errored":0,"retried":0,"total":1,"elapsed":306}
[debug] [2026-05-26T23:33:16.212Z] [hosting] uploads queued: 3
[debug] [2026-05-26T23:33:16.755Z] <<< [apiv2][status] POST https://upload-firebasehosting.googleapis.com/upload/sites/wc-predictor-f9b48/versions/378bd6dfd6016b8c/files/1141f3b88447cd22a2992baa7ea89ee9122ade2fee94dda69e2475328272c2cc 200
[debug] [2026-05-26T23:33:16.756Z] <<< [apiv2][body] POST https://upload-firebasehosting.googleapis.com/upload/sites/wc-predictor-f9b48/versions/378bd6dfd6016b8c/files/1141f3b88447cd22a2992baa7ea89ee9122ade2fee94dda69e2475328272c2cc [stream]
[debug] [2026-05-26T23:33:16.986Z] <<< [apiv2][status] POST https://upload-firebasehosting.googleapis.com/upload/sites/wc-predictor-f9b48/versions/378bd6dfd6016b8c/files/0c6dd0f5f029b0ca116ba8bd082435bdc46b328fb943c6c01aacd35388b8f3bb 200
[debug] [2026-05-26T23:33:16.986Z] <<< [apiv2][body] POST https://upload-firebasehosting.googleapis.com/upload/sites/wc-predictor-f9b48/versions/378bd6dfd6016b8c/files/0c6dd0f5f029b0ca116ba8bd082435bdc46b328fb943c6c01aacd35388b8f3bb [stream]
[debug] [2026-05-26T23:33:17.061Z] <<< [apiv2][status] POST https://upload-firebasehosting.googleapis.com/upload/sites/wc-predictor-f9b48/versions/378bd6dfd6016b8c/files/b87923234cb3282ee717fb29666c677669e604db9da123a8457a98295033e2b3 200
[debug] [2026-05-26T23:33:17.061Z] <<< [apiv2][body] POST https://upload-firebasehosting.googleapis.com/upload/sites/wc-predictor-f9b48/versions/378bd6dfd6016b8c/files/b87923234cb3282ee717fb29666c677669e604db9da123a8457a98295033e2b3 [stream]
[debug] [2026-05-26T23:33:17.061Z] [hosting][upload queue][FINAL] {"max":852,"min":548,"avg":725.6666666666666,"active":0,"complete":3,"success":3,"errored":0,"retried":0,"total":3,"elapsed":853}
[info] ✔  hosting[wc-predictor-f9b48]: file upload complete 
[debug] [2026-05-26T23:33:17.062Z] [hosting] deploy completed after 1220ms
[debug] [2026-05-26T23:33:17.062Z] [
  {
    "config": {
      "public": "dist",
      "ignore": [
        "firebase.json",
        "**/.*",
        "**/node_modules/**"
      ],
      "rewrites": [
        {
          "source": "**",
          "destination": "/index.html"
        }
      ],
      "site": "wc-predictor-f9b48"
    },
    "version": "projects/1034130424021/sites/wc-predictor-f9b48/versions/378bd6dfd6016b8c"
  }
]
[info] i  hosting[wc-predictor-f9b48]: finalizing version... 
[debug] [2026-05-26T23:33:17.064Z] Checked if tokens are valid: true, expires at: 1779841206844
[debug] [2026-05-26T23:33:17.064Z] Checked if tokens are valid: true, expires at: 1779841206844
[debug] [2026-05-26T23:33:17.065Z] >>> [apiv2][query] PATCH https://firebasehosting.googleapis.com/v1beta1/projects/-/sites/wc-predictor-f9b48/versions/378bd6dfd6016b8c updateMask=status%2Cconfig
[debug] [2026-05-26T23:33:17.065Z] >>> [apiv2][body] PATCH https://firebasehosting.googleapis.com/v1beta1/projects/-/sites/wc-predictor-f9b48/versions/378bd6dfd6016b8c {"status":"FINALIZED","config":{"rewrites":[{"glob":"**","path":"/index.html"}]}}
